{
  "version": "3.0.0-webtoon-20230131",
  "origin": {
    "name": "PHOTOSHOP",
    "version": "0"
  },
  "pages": [],
  "components": [
    {
      "id": "pasteboard-1",
      "name": "Pasteboard",
      "role": "PASTEBOARD",
      "bounds": {
        "x": 0,
        "y": 0,
        "width": 300,
        "height": 300
      },
      "dependencies": [],
      "assets": {
        "images": [
          {
            "location": {
              "type": "RELATIVE",
              "path": ""
            },
            "refId": "9.png"
          },
          {
            "location": {
              "type": "RELATIVE",
              "path": ""
            },
            "refId": "8.png"
          },
          {
            "location": {
              "type": "RELATIVE",
              "path": ""
            },
            "refId": "5.png"
          },
          {
            "location": {
              "type": "RELATIVE",
              "path": ""
            },
            "refId": "6.png"
          },
          {
            "location": {
              "type": "RELATIVE",
              "path": ""
            },
            "refId": "3.png"
          },
          {
            "location": {
              "type": "RELATIVE",
              "path": ""
            },
            "refId": "2.png"
          },
          {
            "location": {
              "type": "RELATIVE",
              "path": ""
            },
            "refId": "1.png"
          }
        ]
      },
      "location": {
        "type": "RELATIVE",
        "path": ""
      }
    }
  ],
  "chunks": [],
  "libraries": []
}