{
  "version": "3.1.1",
  "origin": {
    "name": "FIGMA",
    "version": "0"
  },
  "name": "Simple Text",
  "meta": {
    "converterVersion": "3.0.0-rc.47"
  },
  "pages": [
    {
      "id": "0-1",
      "name": "Page 1",
      "meta": {
        "originalId": "0:1"
      },
      "children": [
        {
          "id": "2-3",
          "type": "COMPONENT"
        }
      ]
    }
  ],
  "components": [
    {
      "id": "2-3",
      "name": "Text Frame ",
      "role": "ARTBOARD",
      "meta": {
        "originalId": "2:3"
      },
      "bounds": {
        "x": 0,
        "y": 0,
        "width": 800,
        "height": 200
      },
      "dependencies": [],
      "assets": {
        "images": [],
        "fonts": [
          {
            "name": "TimesNewRomanPSMT"
          }
        ]
      },
      "artifacts": [],
      "location": {
        "type": "RELATIVE",
        "path": ""
      }
    }
  ],
  "chunks": [],
  "libraries": []
}