{
  "version": "3.0.0-rc.23",
  "origin": {
    "name": "FIGMA",
    "version": "0"
  },
  "name": "Untitled",
  "pages": [],
  "components": [
    {
      "id": "114-3",
      "name": "texts-01",
      "role": "ARTBOARD",
      "meta": {
        "originalId": "114:3"
      },
      "bounds": {
        "x": 0,
        "y": 0,
        "width": 1000,
        "height": 1000
      },
      "dependencies": [],
      "assets": {
        "images": [],
        "fonts": []
      },
      "artifacts": [],
      "location": {
        "type": "RELATIVE",
        "path": ""
      }
    }
  ],
  "chunks": [],
  "libraries": []
}