{
  "type": "OCTOPUS_COMPONENT",
  "version": "3.0.0-rc.5",
  "id": "1",
  "dimensions": {
    "width": 595.276,
    "height": 841.89
  },
  "content": {
    "id": "1-27",
    "type": "MASK_GROUP",
    "mask": {
      "type": "SHAPE",
      "id": "1-28",
      "shape": {
        "path": {
          "rectangle": {
            "x0": 0,
            "y0": 0,
            "x1": 595.276,
            "y1": 841.89
          },
          "type": "RECTANGLE"
        },
        "fills": [
          {
            "type": "COLOR",
            "visible": true,
            "blendMode": "NORMAL",
            "color": {
              "r": 1,
              "g": 1,
              "b": 1,
              "a": 1
            }
          }
        ]
      }
    },
    "maskBasis": "BODY",
    "layers": [
      {
        "blendMode": "NORMAL",
        "opacity": 1,
        "id": "1-10",
        "name": "Layer 1",
        "visible": true,
        "type": "GROUP",
        "layers": [
          {
            "blendMode": "PASS_THROUGH",
            "opacity": 1,
            "id": "1-12",
            "name": "<Path>",
            "visible": true,
            "type": "MASK_GROUP",
            "maskBasis": "BODY",
            "layers": [
              {
                "blendMode": "NORMAL",
                "opacity": 1,
                "id": "1-13",
                "name": "<Path>",
                "visible": true,
                "type": "SHAPE",
                "shape": {
                  "fillRule": "NON_ZERO",
                  "path": {
                    "type": "PATH",
                    "geometry": "M0,0c0,-51.195 -56.593,-92.697 -126.404,-92.697c-69.812,0 -126.405,41.502 -126.405,92.697c0,51.195 56.593,92.697 126.405,92.697c69.811,0 126.404,-41.502 126.404,-92.697z"
                  },
                  "fills": [
                    {
                      "type": "COLOR",
                      "color": {
                        "r": 0,
                        "g": 0.6274509803921569,
                        "b": 0.6,
                        "a": 1
                      }
                    }
                  ]
                },
                "transform": [
                  1,
                  0,
                  0,
                  -1,
                  329.1461,
                  339.7303
                ]
              }
            ],
            "mask": {
              "blendMode": "NORMAL",
              "opacity": 1,
              "id": "1-23",
              "name": "<Path>",
              "visible": true,
              "type": "SHAPE",
              "shape": {
                "fillRule": "NON_ZERO",
                "path": {
                  "type": "PATH",
                  "geometry": "M105.55,538.115c0,-71.053 92.058,-128.652 205.619,-128.652v0c113.559,0 205.617,57.599 205.617,128.652v0c0,71.052 -92.058,128.652 -205.617,128.652v0c-113.561,0 -205.619,-57.6 -205.619,-128.652z"
                }
              },
              "transform": [
                1,
                0,
                0,
                -1,
                0,
                841.89
              ]
            }
          },
          {
            "blendMode": "PASS_THROUGH",
            "opacity": 1,
            "id": "1-15",
            "name": "<Path>",
            "visible": true,
            "type": "MASK_GROUP",
            "maskBasis": "BODY",
            "layers": [
              {
                "blendMode": "NORMAL",
                "opacity": 1,
                "id": "1-16",
                "name": "<Path>",
                "visible": true,
                "type": "SHAPE",
                "shape": {
                  "fillRule": "NON_ZERO",
                  "path": {
                    "type": "PATH",
                    "geometry": "M0,0c0,-51.195 -56.593,-92.697 -126.404,-92.697c-69.812,0 -126.405,41.502 -126.405,92.697c0,51.195 56.593,92.697 126.405,92.697c69.811,0 126.404,-41.502 126.404,-92.697z"
                  },
                  "strokes": [
                    {
                      "thickness": 1,
                      "fill": {
                        "type": "COLOR",
                        "color": {
                          "r": 0.11372549019607843,
                          "g": 0.11372549019607843,
                          "b": 0.10588235294117647,
                          "a": 1
                        }
                      },
                      "position": "CENTER",
                      "visible": true,
                      "style": "SOLID",
                      "lineJoin": "MITER",
                      "lineCap": "BUTT"
                    }
                  ]
                },
                "transform": [
                  1,
                  0,
                  0,
                  -1,
                  329.1461,
                  339.7303
                ]
              }
            ],
            "mask": {
              "blendMode": "NORMAL",
              "opacity": 1,
              "id": "1-24",
              "name": "<Path>",
              "visible": true,
              "type": "SHAPE",
              "shape": {
                "fillRule": "NON_ZERO",
                "path": {
                  "type": "PATH",
                  "geometry": "M105.55,538.115c0,-71.053 92.058,-128.652 205.619,-128.652v0c113.559,0 205.617,57.599 205.617,128.652v0c0,71.052 -92.058,128.652 -205.617,128.652v0c-113.561,0 -205.619,-57.6 -205.619,-128.652z"
                }
              },
              "transform": [
                1,
                0,
                0,
                -1,
                0,
                841.89
              ]
            }
          },
          {
            "blendMode": "PASS_THROUGH",
            "opacity": 1,
            "id": "1-18",
            "name": "<Path>",
            "visible": true,
            "type": "MASK_GROUP",
            "maskBasis": "BODY",
            "layers": [
              {
                "blendMode": "NORMAL",
                "opacity": 1,
                "id": "1-19",
                "name": "<Path>",
                "visible": true,
                "type": "SHAPE",
                "shape": {
                  "fillRule": "NON_ZERO",
                  "path": {
                    "type": "PATH",
                    "geometry": "M0,0c0,-75.396 -50.808,-136.517 -113.483,-136.517c-62.675,0 -113.483,61.121 -113.483,136.517c0,75.396 50.808,136.517 113.483,136.517c62.675,0 113.483,-61.121 113.483,-136.517z"
                  },
                  "fills": [
                    {
                      "type": "COLOR",
                      "color": {
                        "r": 0.19215686274509805,
                        "g": 0.15294117647058825,
                        "b": 0.5098039215686274,
                        "a": 1
                      }
                    }
                  ]
                },
                "transform": [
                  1,
                  0,
                  0,
                  -1,
                  556.1124,
                  417.2584
                ]
              }
            ],
            "mask": {
              "blendMode": "NORMAL",
              "opacity": 1,
              "id": "1-25",
              "name": "<Path>",
              "visible": true,
              "type": "SHAPE",
              "shape": {
                "fillRule": "NON_ZERO",
                "path": {
                  "type": "PATH",
                  "geometry": "M105.55,538.115c0,-71.053 92.058,-128.652 205.619,-128.652v0c113.559,0 205.617,57.599 205.617,128.652v0c0,71.052 -92.058,128.652 -205.617,128.652v0c-113.561,0 -205.619,-57.6 -205.619,-128.652z"
                }
              },
              "transform": [
                1,
                0,
                0,
                -1,
                0,
                841.89
              ]
            }
          },
          {
            "blendMode": "PASS_THROUGH",
            "opacity": 1,
            "id": "1-21",
            "name": "<Path>",
            "visible": true,
            "type": "MASK_GROUP",
            "maskBasis": "BODY",
            "layers": [
              {
                "blendMode": "NORMAL",
                "opacity": 1,
                "id": "1-22",
                "name": "<Path>",
                "visible": true,
                "type": "SHAPE",
                "shape": {
                  "fillRule": "NON_ZERO",
                  "path": {
                    "type": "PATH",
                    "geometry": "M0,0c0,-75.396 -50.808,-136.517 -113.483,-136.517c-62.675,0 -113.483,61.121 -113.483,136.517c0,75.396 50.808,136.517 113.483,136.517c62.675,0 113.483,-61.121 113.483,-136.517z"
                  },
                  "strokes": [
                    {
                      "thickness": 1,
                      "fill": {
                        "type": "COLOR",
                        "color": {
                          "r": 0.11372549019607843,
                          "g": 0.11372549019607843,
                          "b": 0.10588235294117647,
                          "a": 1
                        }
                      },
                      "position": "CENTER",
                      "visible": true,
                      "style": "SOLID",
                      "lineJoin": "MITER",
                      "lineCap": "BUTT"
                    }
                  ]
                },
                "transform": [
                  1,
                  0,
                  0,
                  -1,
                  556.1124,
                  417.2584
                ]
              }
            ],
            "mask": {
              "blendMode": "NORMAL",
              "opacity": 1,
              "id": "1-26",
              "name": "<Path>",
              "visible": true,
              "type": "SHAPE",
              "shape": {
                "fillRule": "NON_ZERO",
                "path": {
                  "type": "PATH",
                  "geometry": "M105.55,538.115c0,-71.053 92.058,-128.652 205.619,-128.652v0c113.559,0 205.617,57.599 205.617,128.652v0c0,71.052 -92.058,128.652 -205.617,128.652v0c-113.561,0 -205.619,-57.6 -205.619,-128.652z"
                }
              },
              "transform": [
                1,
                0,
                0,
                -1,
                0,
                841.89
              ]
            }
          }
        ]
      }
    ]
  }
}