{
  "id": "811-15",
  "type": "OCTOPUS_COMPONENT",
  "version": "3.0.1",
  "dimensions": {
    "width": 288,
    "height": 137
  },
  "content": {
    "id": "811-15-Background",
    "name": "bug-geometry-circles",
    "type": "MASK_GROUP",
    "visible": true,
    "opacity": 1,
    "blendMode": "PASS_THROUGH",
    "maskBasis": "BODY_EMBED",
    "mask": {
      "id": "811-15-BackgroundMask",
      "name": "bug-geometry-circles",
      "type": "SHAPE",
      "visible": true,
      "opacity": 1,
      "blendMode": "NORMAL",
      "transform": [
        1,
        0,
        0,
        1,
        0,
        0
      ],
      "effects": [],
      "shape": {
        "path": {
          "type": "RECTANGLE",
          "visible": true,
          "transform": [
            1,
            0,
            0,
            1,
            0,
            0
          ],
          "rectangle": {
            "x0": 0,
            "x1": 288,
            "y0": 0,
            "y1": 137
          }
        },
        "fillRule": "NON_ZERO",
        "fills": [
          {
            "type": "COLOR",
            "visible": true,
            "blendMode": "NORMAL",
            "color": {
              "r": 1,
              "g": 1,
              "b": 1,
              "a": 1
            }
          }
        ],
        "strokes": []
      }
    },
    "transform": [
      1,
      0,
      0,
      1,
      0,
      0
    ],
    "layers": [
      {
        "id": "811-16",
        "name": "Union",
        "type": "SHAPE",
        "visible": true,
        "opacity": 1,
        "blendMode": "NORMAL",
        "transform": [
          0.5,
          -0.866,
          0.866,
          0.5,
          4.6747,
          88.0812
        ],
        "effects": [],
        "shape": {
          "path": {
            "type": "COMPOUND",
            "op": "UNION",
            "visible": true,
            "transform": [
              1,
              0,
              0,
              1,
              0,
              0
            ],
            "paths": [
              {
                "type": "PATH",
                "visible": true,
                "transform": [
                  0.5,
                  0.866,
                  -0.866,
                  0.5,
                  143.8188,
                  100.9391
                ],
                "meta": {},
                "geometry": "M105.529,52.7647c0,-29.1411 -23.6231,-52.7647 -52.7643,-52.7647v0c-29.1411,0 -52.7647,23.6236 -52.7647,52.7647v0c0,29.1412 23.6236,52.7643 52.7647,52.7643v0c29.1412,0 52.7643,-23.6231 52.7643,-52.7643zM117,52.7647c0,35.4762 -28.7591,64.2353 -64.2353,64.2353c-35.4762,0 -64.2353,-28.7591 -64.2353,-64.2353c0,-35.4762 28.7591,-64.2353 64.2353,-64.2353c35.4762,0 64.2353,28.7591 64.2353,64.2353z"
              },
              {
                "type": "PATH",
                "visible": true,
                "transform": [
                  0.5,
                  0.866,
                  -0.866,
                  0.5,
                  106.3187,
                  35.9872
                ],
                "meta": {},
                "geometry": "M99.7941,52.7647c0,25.9736 -21.0558,47.0294 -47.0294,47.0294v11.4709c32.3087,0 58.5003,-26.1916 58.5003,-58.5003zM52.7647,99.7941c-25.9736,0 -47.02941,-21.0558 -47.02941,-47.0294h-11.47058c0,32.3087 26.19129,58.5003 58.49999,58.5003zM5.73529,52.7647c0,-25.9736 21.05581,-47.02941 47.02941,-47.02941v-11.47058c-32.3087,0 -58.49999,26.19129 -58.49999,58.49999zM52.7647,5.73529c25.9736,0 47.0294,21.05581 47.0294,47.02941h11.4709c0,-32.3087 -26.1916,-58.49999 -58.5003,-58.49999z"
              },
              {
                "type": "PATH",
                "visible": true,
                "transform": [
                  0.5,
                  0.866,
                  -0.866,
                  0.5,
                  72.0867,
                  -19.3044
                ],
                "meta": {},
                "geometry": "M52.7647,105.529c-29.1411,0 -52.7647,-23.6232 -52.7647,-52.7643v0c0,-29.1411 23.6236,-52.7647 52.7647,-52.7647v0c29.1411,0 52.7643,23.6236 52.7643,52.7647v0c0,29.1411 -23.6232,52.7643 -52.7643,52.7643zM52.7647,94.0588c22.8061,0 41.2941,-18.488 41.2941,-41.2941c0,-22.8061 -18.488,-41.2941 -41.2941,-41.2941c-22.8061,0 -41.2941,18.488 -41.2941,41.2941c0,22.8061 18.488,41.2941 41.2941,41.2941z"
              }
            ],
            "geometry": "M31.9036,88.4139c-5.9884,-3.4992 -11.1757,-8.5568 -14.8918,-14.9933c-11.40309,-19.7507 -4.636,-45.0058 15.1147,-56.4088c19.7506,-11.4031 45.0057,-4.636 56.4088,15.1147c3.2628,5.6514 5.038,11.7534 5.447,17.8527c-12.1337,-1.4668 -24.8274,0.842 -36.2268,7.4235c-12.5185,7.2275 -21.3552,18.3832 -25.8519,31.0112zM29.0724,99.9221c-8.9024,-4.4647 -16.6425,-11.4963 -21.99446,-20.7662c-14.57057,-25.237 -5.92375,-57.5074 19.31326,-72.07796c25.2369,-14.57057 57.5073,-5.92374 72.0779,19.31326c4.7719,8.265 7.0539,17.2843 7.0779,26.1893c13.083,4.3666 24.682,13.3506 32.121,26.2347c6.08,10.5311 8.514,22.1668 7.693,33.4448c14.162,4.855 26.7,14.655 34.774,28.639c17.738,30.724 7.212,70.009 -23.512,87.747c-30.723,17.739 -70.0087,7.212 -87.7468,-23.511c-8.0737,-13.984 -10.2917,-29.742 -7.4149,-44.435c-10.178,-4.928 -19.0381,-12.854 -25.1183,-23.385c-6.7926,-11.765 -9.0341,-24.909 -7.2706,-37.3929zM104.261,64.3138c9.55,3.7595 17.942,10.6572 23.473,20.2367c4.538,7.8604 6.55,16.4865 6.286,24.9375c-13.878,-2.088 -28.533,0.337 -41.632,7.9c-13.0988,7.562 -22.5264,19.042 -27.6575,32.104c-7.4506,-3.997 -13.9154,-10.052 -18.4537,-17.912c-5.0115,-8.68 -6.9415,-18.294 -6.1292,-27.575c12.767,3.148 26.7212,1.558 39.0083,-5.5359c13.2973,-7.6772 21.9891,-20.2683 25.1051,-34.1553zM93.1491,61.4364c-2.3667,11.0136 -9.2044,21.0227 -19.7285,27.0989c-9.7324,5.619 -20.8014,6.826 -30.8909,4.2416c3.5567,-10.3612 10.7291,-19.533 20.9611,-25.4404c9.3318,-5.3877 19.7426,-7.2139 29.6583,-5.9001zM170.201,146.635c-6.301,-10.914 -15.912,-18.726 -26.834,-22.898c-3.961,14.248 -13.293,27.012 -27.112,34.991c-13.818,7.978 -29.5387,9.678 -43.8581,5.984c-1.8471,11.544 0.112,23.773 6.4131,34.687c14.5706,25.237 46.841,33.884 72.078,19.314c25.237,-14.571 33.884,-46.841 19.313,-72.078zM110.52,148.794c11.057,-6.384 18.541,-16.58 21.751,-27.969c-11.385,-1.702 -23.404,0.293 -34.1477,6.496c-10.744,6.204 -18.4812,15.615 -22.7002,26.325c11.4682,2.915 24.04,1.532 35.0969,-4.852z"
          },
          "fillRule": "EVEN_ODD",
          "fills": [
            {
              "type": "COLOR",
              "visible": true,
              "blendMode": "NORMAL",
              "color": {
                "r": 0.1059,
                "g": 0.1333,
                "b": 0.9804,
                "a": 1
              }
            }
          ],
          "strokes": []
        }
      }
    ],
    "meta": {
      "isArtboard": true
    }
  }
}