{
  "id": "807-9",
  "type": "OCTOPUS_COMPONENT",
  "version": "3.0.1",
  "dimensions": {
    "width": 105,
    "height": 117
  },
  "content": {
    "id": "807-9-Background",
    "name": "bug-group-blur",
    "type": "MASK_GROUP",
    "visible": true,
    "opacity": 1,
    "blendMode": "PASS_THROUGH",
    "maskBasis": "BODY_EMBED",
    "mask": {
      "id": "807-9-BackgroundMask",
      "name": "bug-group-blur",
      "type": "SHAPE",
      "visible": true,
      "opacity": 1,
      "blendMode": "NORMAL",
      "transform": [
        1,
        0,
        0,
        1,
        0,
        0
      ],
      "effects": [],
      "shape": {
        "path": {
          "type": "RECTANGLE",
          "visible": true,
          "transform": [
            1,
            0,
            0,
            1,
            0,
            0
          ],
          "rectangle": {
            "x0": 0,
            "x1": 105,
            "y0": 0,
            "y1": 117
          }
        },
        "fillRule": "NON_ZERO",
        "fills": [
          {
            "type": "COLOR",
            "visible": true,
            "blendMode": "NORMAL",
            "color": {
              "r": 1,
              "g": 1,
              "b": 1,
              "a": 1
            }
          }
        ],
        "strokes": []
      }
    },
    "transform": [
      1,
      0,
      0,
      1,
      0,
      0
    ],
    "layers": [
      {
        "id": "807-10",
        "name": "BLUR",
        "type": "GROUP",
        "visible": true,
        "opacity": 1,
        "blendMode": "NORMAL",
        "transform": [
          0.9851,
          -0.172,
          0.172,
          0.9851,
          -16,
          19.7756
        ],
        "effects": [
          {
            "type": "BLUR",
            "visible": true,
            "basis": "LAYER_AND_EFFECTS",
            "blur": 5
          }
        ],
        "layers": [
          {
            "id": "807-11",
            "name": "Polygon 4",
            "type": "SHAPE",
            "visible": true,
            "opacity": 1,
            "blendMode": "NORMAL",
            "transform": [
              0,
              1,
              -1,
              0,
              114.9728,
              0
            ],
            "effects": [],
            "shape": {
              "path": {
                "type": "PATH",
                "visible": true,
                "transform": [
                  1,
                  0,
                  0,
                  1,
                  0,
                  0
                ],
                "meta": {
                  "sourceShape": "POLYGON"
                },
                "geometry": "M36.7912,21.2534c3.9717,-8.4544 15.9971,-8.4544 19.9688,0l23.1387,49.2546c3.4368,7.3158 -1.9015,15.7217 -9.9844,15.7217h-46.2774c-8.0829,0 -13.4213,-8.4059 -9.9844,-15.7217z"
              },
              "fillRule": "NON_ZERO",
              "fills": [
                {
                  "type": "COLOR",
                  "visible": true,
                  "blendMode": "NORMAL",
                  "color": {
                    "r": 0.8083,
                    "g": 0.0135,
                    "b": 0.0135,
                    "a": 1
                  }
                }
              ],
              "strokes": []
            }
          }
        ]
      }
    ],
    "meta": {
      "isArtboard": true
    }
  }
}