{
  "id": "838-33",
  "type": "OCTOPUS_COMPONENT",
  "version": "3.0.2",
  "dimensions": {
    "width": 112,
    "height": 121
  },
  "content": {
    "id": "838-33-Background",
    "name": "bug-compound-path",
    "type": "MASK_GROUP",
    "visible": true,
    "opacity": 1,
    "blendMode": "PASS_THROUGH",
    "maskBasis": "BODY_EMBED",
    "mask": {
      "id": "838-33-BackgroundMask",
      "name": "bug-compound-path",
      "type": "SHAPE",
      "visible": true,
      "opacity": 1,
      "blendMode": "NORMAL",
      "transform": [
        1,
        0,
        0,
        1,
        0,
        0
      ],
      "effects": [],
      "shape": {
        "path": {
          "type": "RECTANGLE",
          "visible": true,
          "transform": [
            1,
            0,
            0,
            1,
            0,
            0
          ],
          "rectangle": {
            "x0": 0,
            "x1": 112,
            "y0": 0,
            "y1": 121
          }
        },
        "fillRule": "NON_ZERO",
        "fills": [
          {
            "type": "COLOR",
            "visible": true,
            "blendMode": "NORMAL",
            "color": {
              "r": 1,
              "g": 1,
              "b": 1,
              "a": 1
            }
          }
        ],
        "strokes": []
      }
    },
    "transform": [
      1,
      0,
      0,
      1,
      0,
      0
    ],
    "layers": [
      {
        "id": "838-36",
        "name": "Union",
        "type": "SHAPE",
        "visible": true,
        "opacity": 1,
        "blendMode": "NORMAL",
        "transform": [
          1,
          0,
          0,
          1,
          7,
          7
        ],
        "effects": [],
        "shape": {
          "path": {
            "type": "COMPOUND",
            "op": "UNION",
            "visible": true,
            "transform": [
              1,
              0,
              0,
              1,
              0,
              0
            ],
            "paths": [
              {
                "type": "PATH",
                "visible": true,
                "transform": [
                  0.172002,
                  0.98509657,
                  -0.98509657,
                  0.172002,
                  81.04899597,
                  -25.17784119
                ],
                "meta": {},
                "geometry": "M43.281,24.3022l-6.48981,-3.04878l0.00001,-0.00002c0.17852,-0.38 0.3733,-0.74292 0.58289,-1.08876c3.39592,1.15199 6.59778,2.66695 5.90691,4.13756zM43.281,24.3022l-23.1387,49.2546c-1.2029,2.5605 0.6655,5.5025 3.4946,5.5025h46.2774c2.829,0 4.6975,-2.942 3.4946,-5.5026l6.48979,-3.04872l0.00001,0.00002c3.4368,7.3158 -1.9015,15.7217 -9.9844,15.7217h-46.2774c-8.0829,0 -13.4213,-8.4059 -9.9844,-15.7217l23.13869,-49.25458z"
              },
              {
                "type": "PATH",
                "visible": true,
                "transform": [
                  -0.17536673,
                  -0.98450321,
                  0.98450321,
                  -0.17536673,
                  18.19536209,
                  133.08595276
                ],
                "meta": {},
                "geometry": "M43.281,24.3022l-6.48981,-3.04878l0.00001,-0.00002c0.17852,-0.38 0.3733,-0.74292 0.58289,-1.08876c3.39592,1.15199 6.59778,2.66695 5.90691,4.13756zM43.281,24.3022l-23.1387,49.2546c-1.2029,2.5605 0.6655,5.5025 3.4946,5.5025h46.2774c2.829,0 4.6975,-2.942 3.4946,-5.5026l6.48979,-3.04872l0.00001,0.00002c3.4368,7.3158 -1.9015,15.7217 -9.9844,15.7217h-46.2774c-8.0829,0 -13.4213,-8.4059 -9.9844,-15.7217l23.13869,-49.25458z"
              }
            ],
            "geometry": "M65.7555,28.5231l-44.5405,31.2658c-2.3155,1.6254 -5.5351,0.2908 -6.0217,-2.496l-7.95981,-45.5878c-0.4866,-2.78685 2.09026,-5.13345 4.81951,-4.38891l52.5004,14.32201c3.1541,0.8604 3.878,5.0066 1.2021,6.8849zM66.4405,14.7207c9.0115,2.4583 11.0799,14.3045 3.4347,19.6712l-44.5406,31.2657c-6.6157,4.644 -15.81447,0.831 -17.20474,-7.1314l-7.95982,-45.5878c-1.39027,-7.9624 5.97212,-14.667 13.77006,-12.53974zM33.3052,79.3331l44.4335,-31.4178c2.31,-1.6333 5.5341,-0.3098 6.0302,2.4754l8.1155,45.5603c0.4961,2.7852 -2.0727,5.141 -4.8045,4.405l-52.549,-14.1422c-3.157,-0.8496 -3.8951,-4.9933 -1.2257,-6.8807zM32.6675,93.1378c-9.0199,-2.4276 -11.1288,-14.2666 -3.5019,-19.6594l44.4335,-31.4177c6.5998,-4.6666 15.8115,-0.8851 17.229,7.0726l8.1155,45.5603c1.4174,7.9574 -5.9219,14.6874 -13.7271,12.5864z"
          },
          "fillRule": "EVEN_ODD",
          "fills": [
            {
              "type": "COLOR",
              "visible": true,
              "blendMode": "NORMAL",
              "color": {
                "r": 0.8,
                "g": 0.0433,
                "b": 0.0433,
                "a": 1
              }
            }
          ],
          "strokes": []
        }
      }
    ],
    "meta": {
      "isArtboard": true
    }
  }
}