{
  "id": "713-13",
  "type": "OCTOPUS_COMPONENT",
  "version": "3.0.0-rc.24",
  "dimensions": {
    "width": 717,
    "height": 632
  },
  "content": {
    "id": "713-13-Background",
    "name": "Frame 1",
    "type": "MASK_GROUP",
    "visible": true,
    "opacity": 1,
    "blendMode": "PASS_THROUGH",
    "maskBasis": "BODY_EMBED",
    "mask": {
      "id": "713-13-BackgroundMask",
      "name": "Frame 1",
      "type": "SHAPE",
      "visible": true,
      "opacity": 1,
      "blendMode": "NORMAL",
      "transform": [
        1,
        0,
        0,
        1,
        0,
        0
      ],
      "effects": [],
      "shape": {
        "path": {
          "type": "RECTANGLE",
          "visible": true,
          "transform": [
            1,
            0,
            0,
            1,
            0,
            0
          ],
          "rectangle": {
            "x0": 0,
            "x1": 717,
            "y0": 0,
            "y1": 632
          }
        },
        "fillRule": "NON_ZERO",
        "fills": [
          {
            "type": "COLOR",
            "visible": true,
            "blendMode": "NORMAL",
            "color": {
              "r": 1,
              "g": 1,
              "b": 1,
              "a": 1
            }
          }
        ],
        "strokes": []
      }
    },
    "transform": [
      1,
      0,
      0,
      1,
      0,
      0
    ],
    "layers": [
      {
        "id": "713-14",
        "name": "Hello World! Hello World! Hello World! Hello World!",
        "type": "TEXT",
        "visible": true,
        "opacity": 1,
        "blendMode": "NORMAL",
        "transform": [
          0.8660253882408142,
          -0.5,
          0.5,
          0.8660253882408142,
          40,
          156.5
        ],
        "effects": [],
        "text": {
          "value": "Hello World! Hello World! Hello World! Hello World!",
          "defaultStyle": {
            "font": {
              "postScriptName": "Inter",
              "family": "Inter",
              "syntheticPostScriptName": true
            },
            "fontSize": 42,
            "lineHeight": 0,
            "letterSpacing": 0,
            "fills": [
              {
                "type": "COLOR",
                "visible": true,
                "blendMode": "NORMAL",
                "color": {
                  "r": 0,
                  "g": 0,
                  "b": 0,
                  "a": 1
                }
              }
            ],
            "strokes": []
          },
          "styles": [
            {
              "style": {
                "font": {
                  "postScriptName": "Inter-Bold",
                  "family": "Inter"
                }
              },
              "ranges": [
                {
                  "from": 0,
                  "to": 13
                }
              ]
            }
          ],
          "horizontalAlign": "LEFT",
          "verticalAlign": "TOP",
          "frame": {
            "mode": "AUTO_WIDTH",
            "size": {
              "width": 251,
              "height": 204
            }
          },
          "baselinePolicy": "OFFSET_ASCENDER"
        }
      },
      {
        "id": "713-15",
        "name": "Lorem Ipsum!",
        "type": "TEXT",
        "visible": true,
        "opacity": 1,
        "blendMode": "NORMAL",
        "transform": [
          0.8660253882408142,
          0.5,
          -0.5,
          0.8660253882408142,
          421.5,
          31
        ],
        "effects": [],
        "text": {
          "value": "Lorem Ipsum!",
          "defaultStyle": {
            "font": {
              "postScriptName": "Inter-Bold",
              "family": "Inter"
            },
            "fontSize": 42,
            "lineHeight": 0,
            "letterSpacing": 0,
            "fills": [
              {
                "type": "COLOR",
                "visible": true,
                "blendMode": "NORMAL",
                "color": {
                  "r": 0,
                  "g": 0,
                  "b": 0,
                  "a": 1
                }
              }
            ],
            "strokes": []
          },
          "styles": [],
          "horizontalAlign": "LEFT",
          "verticalAlign": "TOP",
          "frame": {
            "mode": "AUTO_WIDTH",
            "size": {
              "width": 279,
              "height": 51
            }
          },
          "baselinePolicy": "OFFSET_ASCENDER"
        }
      }
    ],
    "meta": {
      "isArtboard": true
    }
  }
}