{
  "version": "3.0.0-rc.23",
  "origin": {
    "name": "FIGMA",
    "version": "0"
  },
  "name": "Untitled",
  "pages": [],
  "components": [
    {
      "id": "1-3",
      "name": "Frame 1",
      "role": "ARTBOARD",
      "meta": {
        "originalId": "1:3"
      },
      "bounds": {
        "x": -317,
        "y": -306,
        "width": 445,
        "height": 342
      },
      "dependencies": [],
      "assets": {
        "images": [],
        "fonts": []
      },
      "artifacts": [],
      "location": {
        "type": "RELATIVE",
        "path": ""
      }
    }
  ],
  "chunks": [],
  "libraries": []
}