{
  "version": "3.0.1",
  "origin": {
    "name": "PHOTOSHOP",
    "version": "0"
  },
  "meta": {
    "converterVersion": "3.0.0-rc.9"
  },
  "pages": [],
  "components": [
    {
      "id": "pasteboard-1",
      "name": "Pasteboard",
      "role": "PASTEBOARD",
      "bounds": {
        "x": 0,
        "y": 0,
        "width": 300,
        "height": 300
      },
      "dependencies": [],
      "assets": {
        "images": [
          {
            "location": {
              "type": "RELATIVE",
              "path": ""
            },
            "refId": "1.png"
          },
          {
            "location": {
              "type": "RELATIVE",
              "path": ""
            },
            "refId": "4.png"
          },
          {
            "location": {
              "type": "RELATIVE",
              "path": ""
            },
            "refId": "6.png"
          }
        ],
        "fonts": [
          {
            "name": "Arial-BoldMT"
          }
        ]
      },
      "location": {
        "type": "RELATIVE",
        "path": ""
      }
    }
  ],
  "chunks": [],
  "libraries": []
}