{
  "id": "pasteboard-1",
  "type": "ARTBOARD",
  "version": "3.0.0-webtoon-20230125",
  "dimensions": {
    "width": 300,
    "height": 300
  },
  "content": {
    "id": "pasteboard-1-Background",
    "type": "MASK_GROUP",
    "maskBasis": "BODY",
    "mask": {
      "id": "pasteboard-1-BackgroundMask",
      "type": "SHAPE",
      "visible": false,
      "shape": {
        "path": {
          "type": "RECTANGLE",
          "rectangle": {
            "x0": 0,
            "x1": 300,
            "y0": 0,
            "y1": 300
          }
        },
        "fills": []
      }
    },
    "layers": [
      {
        "id": "2",
        "name": "Rectangle 1",
        "type": "SHAPE",
        "transform": [
          1,
          0,
          0,
          1,
          50,
          49.99999999999999
        ],
        "visible": true,
        "blendMode": "NORMAL",
        "opacity": 1,
        "effects": [
          {
            "type": "OVERLAY",
            "visible": true,
            "blendMode": "NORMAL",
            "basis": "FILL",
            "overlay": {
              "type": "GRADIENT",
              "gradient": {
                "type": "LINEAR",
                "stops": [
                  {
                    "color": {
                      "r": 1,
                      "g": 0,
                      "b": 0,
                      "a": 0.49
                    },
                    "position": 0
                  },
                  {
                    "color": {
                      "r": 1,
                      "g": 1,
                      "b": 1,
                      "a": 0.49
                    },
                    "position": 1
                  }
                ]
              },
              "positioning": {
                "layout": "FILL",
                "origin": "LAYER",
                "transform": [
                  20.799999999999997,
                  -20.799999999999997,
                  20.799999999999997,
                  20.799999999999997,
                  64.17939776264966,
                  107.69049106801641
                ]
              }
            }
          },
          {
            "type": "OVERLAY",
            "visible": true,
            "blendMode": "NORMAL",
            "basis": "FILL",
            "overlay": {
              "type": "COLOR",
              "color": {
                "r": 0.8969,
                "g": 0.9255,
                "b": 0.1162,
                "a": 0.46
              }
            }
          }
        ],
        "shape": {
          "fillRule": "EVEN_ODD",
          "path": {
            "type": "RECTANGLE",
            "transform": [
              1,
              0,
              0,
              1,
              0,
              0
            ],
            "rectangle": {
              "x0": 0,
              "y0": 0,
              "x1": 200,
              "y1": 199.99999999999994
            },
            "cornerRadius": 0
          },
          "fills": [
            {
              "type": "COLOR",
              "color": {
                "r": 0.1162,
                "g": 0.1733,
                "b": 0.9255,
                "a": 1
              }
            }
          ],
          "strokes": [
            {
              "fill": {
                "type": "COLOR",
                "color": {
                  "r": 1,
                  "g": 0,
                  "b": 0,
                  "a": 1
                }
              },
              "position": "CENTER",
              "lineJoin": "MITER",
              "lineCap": "BUTT",
              "style": "SOLID",
              "thickness": 4.84
            }
          ]
        }
      }
    ]
  }
}