{
  "id": "1-2",
  "type": "ARTBOARD",
  "version": "3.0.0-rc.6",
  "dimensions": {
    "width": 375,
    "height": 250
  },
  "content": {
    "id": "1-2-Background",
    "name": "Frame IO",
    "type": "MASK_GROUP",
    "visible": true,
    "opacity": 1,
    "blendMode": "PASS_THROUGH",
    "maskBasis": "BODY_EMBED",
    "mask": {
      "id": "1-2-BackgroundMask",
      "name": "Frame IO",
      "type": "SHAPE",
      "visible": true,
      "opacity": 1,
      "blendMode": "NORMAL",
      "transform": [
        1,
        0,
        0,
        1,
        0,
        0
      ],
      "effects": [],
      "shape": {
        "path": {
          "type": "RECTANGLE",
          "visible": true,
          "transform": [
            1,
            0,
            0,
            1,
            0,
            0
          ],
          "rectangle": {
            "x0": 0,
            "x1": 375,
            "y0": 0,
            "y1": 250
          }
        },
        "fillRule": "NON_ZERO",
        "fills": [
          {
            "type": "COLOR",
            "visible": true,
            "blendMode": "NORMAL",
            "color": {
              "r": 1,
              "g": 1,
              "b": 1,
              "a": 1
            }
          }
        ],
        "strokes": []
      }
    },
    "transform": [
      1,
      0,
      0,
      1,
      0,
      0
    ],
    "layers": [
      {
        "id": "1-3",
        "name": "Red Rectangle",
        "type": "SHAPE",
        "visible": true,
        "opacity": 1,
        "blendMode": "NORMAL",
        "transform": [
          1,
          0,
          0,
          1,
          25,
          25
        ],
        "effects": [],
        "shape": {
          "path": {
            "type": "RECTANGLE",
            "visible": true,
            "transform": [
              1,
              0,
              0,
              1,
              0,
              0
            ],
            "rectangle": {
              "x0": 0,
              "x1": 100,
              "y0": 0,
              "y1": 200
            }
          },
          "fillRule": "NON_ZERO",
          "fills": [
            {
              "type": "COLOR",
              "visible": true,
              "blendMode": "NORMAL",
              "color": {
                "r": 0.8917,
                "g": 0,
                "b": 0,
                "a": 1
              }
            }
          ],
          "strokes": []
        }
      },
      {
        "id": "1-4",
        "name": "Blue Ellipse",
        "type": "SHAPE",
        "visible": true,
        "opacity": 1,
        "blendMode": "NORMAL",
        "transform": [
          1,
          0,
          0,
          1,
          150,
          25
        ],
        "effects": [],
        "shape": {
          "path": {
            "type": "PATH",
            "visible": true,
            "transform": [
              1,
              0,
              0,
              1,
              0,
              0
            ],
            "meta": {
              "sourceShape": "ELLIPSE"
            },
            "geometry": "M200,100c0,55.228 -44.772,100 -100,100c-55.2285,0 -100,-44.772 -100,-100c0,-55.2285 44.7715,-100 100,-100c55.228,0 100,44.7715 100,100z"
          },
          "fillRule": "NON_ZERO",
          "fills": [
            {
              "type": "COLOR",
              "visible": true,
              "blendMode": "NORMAL",
              "color": {
                "r": 0.0878,
                "g": 0.0309,
                "b": 0.7417,
                "a": 1
              }
            }
          ],
          "strokes": []
        }
      }
    ],
    "meta": {
      "isArtboard": true
    }
  }
}