{
  "document": {
    "id": "0:0",
    "name": "Document",
    "type": "DOCUMENT",
    "children": [
      {
        "id": "0:1",
        "name": "Page 1",
        "type": "CANVAS",
        "children": [
          {
            "id": "1:2",
            "name": "Frame IO",
            "type": "FRAME",
            "blendMode": "PASS_THROUGH",
            "children": [
              {
                "id": "1:3",
                "name": "Red Rectangle",
                "type": "RECTANGLE",
                "blendMode": "PASS_THROUGH",
                "absoluteBoundingBox": {
                  "x": 25,
                  "y": 25,
                  "width": 100,
                  "height": 200
                },
                "absoluteRenderBounds": {
                  "x": 25,
                  "y": 25,
                  "width": 100,
                  "height": 200
                },
                "constraints": {
                  "vertical": "TOP",
                  "horizontal": "LEFT"
                },
                "fills": [
                  {
                    "blendMode": "NORMAL",
                    "type": "SOLID",
                    "color": {
                      "r": 0.8916666507720947,
                      "g": 0,
                      "b": 0,
                      "a": 1
                    }
                  }
                ],
                "strokes": [],
                "strokeWeight": 1,
                "strokeAlign": "INSIDE",
                "effects": []
              },
              {
                "id": "1:4",
                "name": "Blue Ellipse",
                "type": "ELLIPSE",
                "blendMode": "PASS_THROUGH",
                "absoluteBoundingBox": {
                  "x": 150,
                  "y": 25,
                  "width": 200,
                  "height": 200
                },
                "absoluteRenderBounds": {
                  "x": 150,
                  "y": 25,
                  "width": 200,
                  "height": 200
                },
                "constraints": {
                  "vertical": "TOP",
                  "horizontal": "LEFT"
                },
                "fills": [
                  {
                    "blendMode": "NORMAL",
                    "type": "SOLID",
                    "color": {
                      "r": 0.08776386082172394,
                      "g": 0.03090280294418335,
                      "b": 0.7416666746139526,
                      "a": 1
                    }
                  }
                ],
                "strokes": [],
                "strokeWeight": 1,
                "strokeAlign": "INSIDE",
                "effects": [],
                "arcData": {
                  "startingAngle": 0,
                  "endingAngle": 6.2831854820251465,
                  "innerRadius": 0
                }
              }
            ],
            "absoluteBoundingBox": {
              "x": 0,
              "y": 5.684341886080802e-14,
              "width": 375,
              "height": 250
            },
            "absoluteRenderBounds": {
              "x": 0,
              "y": 5.684341886080802e-14,
              "width": 375,
              "height": 250
            },
            "constraints": {
              "vertical": "TOP",
              "horizontal": "LEFT"
            },
            "clipsContent": true,
            "background": [
              {
                "blendMode": "NORMAL",
                "type": "SOLID",
                "color": {
                  "r": 1,
                  "g": 1,
                  "b": 1,
                  "a": 1
                }
              }
            ],
            "fills": [
              {
                "blendMode": "NORMAL",
                "type": "SOLID",
                "color": {
                  "r": 1,
                  "g": 1,
                  "b": 1,
                  "a": 1
                }
              }
            ],
            "strokes": [],
            "strokeWeight": 1,
            "strokeAlign": "INSIDE",
            "backgroundColor": {
              "r": 1,
              "g": 1,
              "b": 1,
              "a": 1
            },
            "effects": []
          }
        ],
        "backgroundColor": {
          "r": 0.11764705926179886,
          "g": 0.11764705926179886,
          "b": 0.11764705926179886,
          "a": 1
        },
        "prototypeStartNodeID": null,
        "flowStartingPoints": [],
        "prototypeDevice": {
          "type": "NONE",
          "rotation": "NONE"
        }
      }
    ]
  },
  "components": {},
  "componentSets": {},
  "schemaVersion": 0,
  "styles": {},
  "name": "Simple Shapes",
  "lastModified": "2022-09-21T14:00:13Z",
  "thumbnailUrl": "https://s3-alpha-sig.figma.com/thumbnails/58fecc76-2424-40ee-8a7e-f6e2151a5c80?Expires=1664755200&Signature=Fiv6UYcnrswg9~Xq7fdzryVmKYf~04Io96ufq3i8Os66W6pTx~djwS~gde0WMrf08B1ENe9vyDvLxN4Vyg0A9CcXlC~mzCuHSi3pFU4D1hA1t-QQJpdnP0OgV3ILn3wDwDL0~y4S1JqVytV~uC0c5vUxjC~1opzEBnT9YqKTYLVwg6lQzAspDo3BI4WOO7O7Qfc94Tgv6f9XMbgdk2R945Cv8baCwkLEYxriDmwlu5OqARccvdZweWzLNTlC-J8PElppsFJOECJUJXhVl7jOIb5PxLLasyBJqnSyrIPqtv2emXwWLrctXZ1PtvarBUYRYqHXaMIkZBN0Gguz6LYb-g__&Key-Pair-Id=APKAINTVSUGEWH5XD5UA",
  "version": "2369625512",
  "role": "owner",
  "editorType": "figma",
  "linkAccess": "org_view"
}