{
  "version": "3.0.1",
  "origin": {
    "name": "illustrator",
    "version": "0.11.0"
  },
  "name": "Untitled",
  "meta": {
    "converterVersion": "3.0.0-rc.5"
  },
  "pages": [],
  "components": [
    {
      "id": "1",
      "name": "Artboard 1",
      "bounds": {
        "x": 0,
        "y": 0,
        "width": 1366,
        "height": 768
      },
      "dependencies": [],
      "location": {
        "type": "RELATIVE",
        "path": ""
      },
      "assets": {},
      "role": "ARTBOARD"
    }
  ],
  "chunks": [],
  "libraries": []
}