{
  "version": "3.0.0-rc.5",
  "origin": {
    "name": "PHOTOSHOP",
    "version": "0"
  },
  "pages": [],
  "components": [
    {
      "id": "component-1",
      "name": "component-1",
      "role": "ARTBOARD",
      "bounds": {
        "x": 0,
        "y": 0,
        "width": 2000,
        "height": 500
      },
      "dependencies": [],
      "assets": {
        "images": [
          {
            "location": {
              "type": "RELATIVE",
              "path": ""
            },
            "refId": "1.png"
          },
          {
            "location": {
              "type": "RELATIVE",
              "path": ""
            },
            "refId": "2.png"
          },
          {
            "location": {
              "type": "RELATIVE",
              "path": ""
            },
            "refId": "3.png"
          }
        ]
      },
      "location": {
        "type": "RELATIVE",
        "path": ""
      }
    }
  ],
  "chunks": [],
  "libraries": []
}