{
  "id": "1-3",
  "type": "ARTBOARD",
  "version": "3.0.0-rc.19",
  "dimensions": {
    "width": 300,
    "height": 100
  },
  "content": {
    "id": "1-3-Background",
    "name": "BUTTON COMP",
    "type": "MASK_GROUP",
    "visible": true,
    "opacity": 1,
    "blendMode": "PASS_THROUGH",
    "maskBasis": "BODY_EMBED",
    "mask": {
      "id": "1-3-BackgroundMask",
      "name": "BUTTON COMP",
      "type": "SHAPE",
      "visible": true,
      "opacity": 1,
      "blendMode": "NORMAL",
      "transform": [
        1,
        0,
        0,
        1,
        0,
        0
      ],
      "effects": [],
      "shape": {
        "path": {
          "type": "RECTANGLE",
          "visible": true,
          "transform": [
            1,
            0,
            0,
            1,
            0,
            0
          ],
          "rectangle": {
            "x0": 0,
            "x1": 300,
            "y0": 0,
            "y1": 100
          },
          "cornerRadius": 30
        },
        "fillRule": "NON_ZERO",
        "fills": [
          {
            "type": "COLOR",
            "visible": true,
            "blendMode": "NORMAL",
            "color": {
              "r": 0.3958,
              "g": 0.565,
              "b": 1,
              "a": 1
            }
          }
        ],
        "strokes": []
      }
    },
    "transform": [
      1,
      0,
      0,
      1,
      0,
      0
    ],
    "layers": [
      {
        "id": "2-4",
        "name": "Hello",
        "type": "TEXT",
        "visible": true,
        "opacity": 1,
        "blendMode": "NORMAL",
        "transform": [
          1,
          0,
          0,
          1,
          25,
          25
        ],
        "effects": [],
        "text": {
          "value": "Button",
          "defaultStyle": {
            "font": {
              "postScriptName": "ArialMT",
              "family": "Arial"
            },
            "fontSize": 36,
            "lineHeight": 0,
            "letterSpacing": 0,
            "fills": [
              {
                "type": "COLOR",
                "visible": true,
                "blendMode": "NORMAL",
                "color": {
                  "r": 1,
                  "g": 1,
                  "b": 1,
                  "a": 1
                }
              }
            ],
            "strokes": []
          },
          "styles": [],
          "horizontalAlign": "CENTER",
          "verticalAlign": "CENTER",
          "frame": {
            "mode": "FIXED",
            "size": {
              "width": 250,
              "height": 50
            }
          },
          "baselinePolicy": "OFFSET_ASCENDER"
        }
      }
    ],
    "meta": {
      "isArtboard": true
    }
  }
}