{
  "id": "375-17",
  "type": "ARTBOARD",
  "version": "3.0.0-rc.22",
  "dimensions": {
    "width": 500,
    "height": 200
  },
  "content": {
    "id": "375-17-Background",
    "name": "bug-text-emoji",
    "type": "MASK_GROUP",
    "visible": true,
    "opacity": 1,
    "blendMode": "PASS_THROUGH",
    "maskBasis": "BODY_EMBED",
    "mask": {
      "id": "375-17-BackgroundMask",
      "name": "bug-text-emoji",
      "type": "SHAPE",
      "visible": true,
      "opacity": 1,
      "blendMode": "NORMAL",
      "transform": [
        1,
        0,
        0,
        1,
        0,
        0
      ],
      "effects": [],
      "shape": {
        "path": {
          "type": "RECTANGLE",
          "visible": true,
          "transform": [
            1,
            0,
            0,
            1,
            0,
            0
          ],
          "rectangle": {
            "x0": 0,
            "x1": 500,
            "y0": 0,
            "y1": 200
          }
        },
        "fillRule": "NON_ZERO",
        "fills": [
          {
            "type": "COLOR",
            "visible": true,
            "blendMode": "NORMAL",
            "color": {
              "r": 1,
              "g": 1,
              "b": 1,
              "a": 1
            }
          }
        ],
        "strokes": []
      }
    },
    "transform": [
      1,
      0,
      0,
      1,
      0,
      0
    ],
    "layers": [
      {
        "id": "375-16",
        "name": "Emoji",
        "type": "TEXT",
        "visible": true,
        "opacity": 1,
        "blendMode": "NORMAL",
        "transform": [
          1,
          0,
          0,
          1,
          114,
          76
        ],
        "effects": [],
        "text": {
          "value": "üëç Emojito ü§£",
          "defaultStyle": {
            "font": {
              "postScriptName": "Urbanist-SemiBold",
              "family": "Urbanist"
            },
            "fontSize": 36,
            "lineHeight": 46,
            "letterSpacing": 0.36,
            "fills": [
              {
                "type": "COLOR",
                "visible": true,
                "blendMode": "NORMAL",
                "color": {
                  "r": 0.098,
                  "g": 0.1333,
                  "b": 0.3216,
                  "a": 1
                }
              }
            ],
            "strokes": []
          },
          "styles": [
            {
              "style": {
                "font": {
                  "postScriptName": "ArialMT",
                  "family": "Arial"
                },
                "fontSize": 36,
                "lineHeight": 46,
                "letterSpacing": 0.36
              },
              "ranges": [
                {
                  "from": 0,
                  "to": 1
                }
              ]
            },
            {
              "style": {
                "font": {
                  "postScriptName": "Arial-BoldMT",
                  "family": "Arial"
                },
                "fontSize": 36,
                "lineHeight": 46,
                "letterSpacing": 0.36
              },
              "ranges": [
                {
                  "from": 1,
                  "to": 11
                }
              ]
            }
          ],
          "horizontalAlign": "LEFT",
          "verticalAlign": "TOP",
          "frame": {
            "mode": "AUTO_WIDTH",
            "size": {
              "width": 229,
              "height": 50
            }
          },
          "baselinePolicy": "OFFSET_ASCENDER"
        }
      }
    ],
    "meta": {
      "isArtboard": true
    }
  }
}