{
  "id": "369-13",
  "type": "ARTBOARD",
  "version": "3.0.0-rc.19",
  "dimensions": {
    "width": 500,
    "height": 500
  },
  "content": {
    "id": "369-13-Background",
    "name": "bug-bg-blur",
    "type": "MASK_GROUP",
    "visible": true,
    "opacity": 1,
    "blendMode": "PASS_THROUGH",
    "maskBasis": "BODY_EMBED",
    "mask": {
      "id": "369-13-BackgroundMask",
      "name": "bug-bg-blur",
      "type": "SHAPE",
      "visible": true,
      "opacity": 1,
      "blendMode": "NORMAL",
      "transform": [
        1,
        0,
        0,
        1,
        0,
        0
      ],
      "effects": [],
      "shape": {
        "path": {
          "type": "RECTANGLE",
          "visible": true,
          "transform": [
            1,
            0,
            0,
            1,
            0,
            0
          ],
          "rectangle": {
            "x0": 0,
            "x1": 500,
            "y0": 0,
            "y1": 500
          }
        },
        "fillRule": "NON_ZERO",
        "fills": [
          {
            "type": "COLOR",
            "visible": true,
            "blendMode": "NORMAL",
            "color": {
              "r": 1,
              "g": 1,
              "b": 1,
              "a": 1
            }
          }
        ],
        "strokes": []
      }
    },
    "transform": [
      1,
      0,
      0,
      1,
      0,
      0
    ],
    "layers": [
      {
        "id": "369-14",
        "name": "Ellipse 1",
        "type": "SHAPE",
        "visible": true,
        "opacity": 1,
        "blendMode": "NORMAL",
        "transform": [
          1,
          0,
          0,
          1,
          -86,
          -97
        ],
        "effects": [],
        "shape": {
          "path": {
            "type": "PATH",
            "visible": true,
            "transform": [
              1,
              0,
              0,
              1,
              0,
              0
            ],
            "meta": {
              "sourceShape": "ELLIPSE"
            },
            "geometry": "M362,181c0,99.964 -81.036,181 -181,181c-99.9635,0 -181,-81.036 -181,-181c0,-99.9635 81.0365,-181 181,-181c99.964,0 181,81.0365 181,181z"
          },
          "fillRule": "NON_ZERO",
          "fills": [
            {
              "type": "COLOR",
              "visible": true,
              "blendMode": "NORMAL",
              "color": {
                "r": 1,
                "g": 0,
                "b": 0,
                "a": 1
              }
            }
          ],
          "strokes": []
        }
      },
      {
        "id": "369-15",
        "name": "Rectangle 1",
        "type": "SHAPE",
        "visible": true,
        "opacity": 1,
        "blendMode": "NORMAL",
        "transform": [
          1,
          0,
          0,
          1,
          25,
          25
        ],
        "effects": [
          {
            "type": "BLUR",
            "visible": true,
            "basis": "BACKGROUND",
            "blur": 200
          }
        ],
        "shape": {
          "path": {
            "type": "RECTANGLE",
            "visible": true,
            "transform": [
              1,
              0,
              0,
              1,
              0,
              0
            ],
            "rectangle": {
              "x0": 0,
              "x1": 450,
              "y0": 0,
              "y1": 450
            }
          },
          "fillRule": "NON_ZERO",
          "fills": [
            {
              "type": "COLOR",
              "visible": true,
              "blendMode": "NORMAL",
              "color": {
                "r": 0,
                "g": 0,
                "b": 0,
                "a": 0.5
              }
            }
          ],
          "strokes": [
            {
              "style": "SOLID",
              "dashing": [],
              "visible": true,
              "fill": {
                "type": "COLOR",
                "visible": true,
                "blendMode": "NORMAL",
                "color": {
                  "r": 1,
                  "g": 1,
                  "b": 1,
                  "a": 1
                }
              },
              "thickness": 1,
              "position": "INSIDE",
              "lineJoin": "MITER",
              "lineCap": "BUTT",
              "miterLimit": 28.96,
              "fillRule": "NON_ZERO",
              "path": {
                "type": "PATH",
                "visible": true,
                "transform": [
                  1,
                  0,
                  0,
                  1,
                  0,
                  0
                ],
                "meta": {
                  "sourceShape": "RECTANGLE"
                },
                "geometry": "M0,0v-1h-1v1zM450,0h1v-1h-1zM450,450v1h1v-1zM0,450h-1v1h1zM0,1h450v-2h-450zM449,0v450h2v-450zM450,449h-450v2h450zM1,450v-450h-2v450z"
              }
            }
          ]
        }
      }
    ],
    "meta": {
      "isArtboard": true
    }
  }
}