{
  "id": "55-3",
  "type": "ARTBOARD",
  "version": "3.0.0-rc.22",
  "dimensions": {
    "width": 1325,
    "height": 1000
  },
  "content": {
    "id": "55-3-Background",
    "name": "effects",
    "type": "MASK_GROUP",
    "visible": true,
    "opacity": 0.95,
    "blendMode": "PASS_THROUGH",
    "maskBasis": "BODY_EMBED",
    "mask": {
      "id": "55-3-BackgroundMask",
      "name": "effects",
      "type": "SHAPE",
      "visible": true,
      "opacity": 1,
      "blendMode": "NORMAL",
      "transform": [
        1,
        0,
        0,
        1,
        0,
        0
      ],
      "effects": [],
      "shape": {
        "path": {
          "type": "RECTANGLE",
          "visible": true,
          "transform": [
            1,
            0,
            0,
            1,
            0,
            0
          ],
          "rectangle": {
            "x0": 0,
            "x1": 1325,
            "y0": 0,
            "y1": 1000
          }
        },
        "fillRule": "NON_ZERO",
        "fills": [
          {
            "type": "COLOR",
            "visible": true,
            "blendMode": "NORMAL",
            "color": {
              "r": 1,
              "g": 1,
              "b": 1,
              "a": 1
            }
          }
        ],
        "strokes": []
      }
    },
    "transform": [
      1,
      0,
      0,
      1,
      0,
      0
    ],
    "layers": [
      {
        "id": "55-4",
        "name": "Shadow 1",
        "type": "SHAPE",
        "visible": true,
        "opacity": 1,
        "blendMode": "NORMAL",
        "transform": [
          1,
          0,
          0,
          1,
          25,
          25
        ],
        "effects": [
          {
            "type": "DROP_SHADOW",
            "visible": true,
            "blendMode": "NORMAL",
            "basis": "BODY",
            "shadow": {
              "offset": {
                "x": 4,
                "y": 8
              },
              "blur": 4,
              "choke": 0,
              "color": {
                "r": 0,
                "g": 0,
                "b": 0,
                "a": 0.8
              }
            }
          }
        ],
        "shape": {
          "path": {
            "type": "RECTANGLE",
            "visible": true,
            "transform": [
              1,
              0,
              0,
              1,
              0,
              0
            ],
            "rectangle": {
              "x0": 0,
              "x1": 300,
              "y0": 0,
              "y1": 300
            }
          },
          "fillRule": "NON_ZERO",
          "fills": [
            {
              "type": "COLOR",
              "visible": true,
              "blendMode": "MULTIPLY",
              "color": {
                "r": 0.14,
                "g": 0,
                "b": 1,
                "a": 1
              }
            }
          ],
          "strokes": []
        }
      },
      {
        "id": "93-6",
        "name": "Shadow 2",
        "type": "SHAPE",
        "visible": true,
        "opacity": 1,
        "blendMode": "NORMAL",
        "transform": [
          1,
          0,
          0,
          1,
          350,
          25
        ],
        "effects": [
          {
            "type": "DROP_SHADOW",
            "visible": true,
            "blendMode": "NORMAL",
            "basis": "BODY",
            "shadow": {
              "offset": {
                "x": 4,
                "y": 8
              },
              "blur": 10,
              "choke": 10,
              "color": {
                "r": 0,
                "g": 0,
                "b": 0,
                "a": 0.8
              }
            }
          }
        ],
        "shape": {
          "path": {
            "type": "RECTANGLE",
            "visible": true,
            "transform": [
              1,
              0,
              0,
              1,
              0,
              0
            ],
            "rectangle": {
              "x0": 0,
              "x1": 300,
              "y0": 0,
              "y1": 300
            }
          },
          "fillRule": "NON_ZERO",
          "fills": [
            {
              "type": "COLOR",
              "visible": true,
              "blendMode": "MULTIPLY",
              "color": {
                "r": 0.14,
                "g": 0,
                "b": 1,
                "a": 0.1
              }
            }
          ],
          "strokes": []
        }
      },
      {
        "id": "93-7",
        "name": "Shadow 3",
        "type": "SHAPE",
        "visible": true,
        "opacity": 1,
        "blendMode": "NORMAL",
        "transform": [
          1,
          0,
          0,
          1,
          675,
          25
        ],
        "effects": [
          {
            "type": "DROP_SHADOW",
            "visible": true,
            "blendMode": "MULTIPLY",
            "basis": "BODY",
            "shadow": {
              "offset": {
                "x": 4,
                "y": 8
              },
              "blur": 20,
              "choke": 5,
              "color": {
                "r": 0.5208,
                "g": 0,
                "b": 0,
                "a": 0.5
              }
            }
          }
        ],
        "shape": {
          "path": {
            "type": "RECTANGLE",
            "visible": true,
            "transform": [
              1,
              0,
              0,
              1,
              0,
              0
            ],
            "rectangle": {
              "x0": 0,
              "x1": 300,
              "y0": 0,
              "y1": 300
            }
          },
          "fillRule": "NON_ZERO",
          "fills": [
            {
              "type": "COLOR",
              "visible": true,
              "blendMode": "MULTIPLY",
              "color": {
                "r": 0.14,
                "g": 0,
                "b": 1,
                "a": 0.65
              }
            }
          ],
          "strokes": []
        }
      },
      {
        "id": "93-8",
        "name": "Rectangle 4",
        "type": "SHAPE",
        "visible": true,
        "opacity": 1,
        "blendMode": "NORMAL",
        "transform": [
          1,
          0,
          0,
          1,
          25,
          350
        ],
        "effects": [
          {
            "type": "INNER_SHADOW",
            "visible": true,
            "blendMode": "NORMAL",
            "basis": "BODY",
            "shadow": {
              "offset": {
                "x": 0,
                "y": 4
              },
              "blur": 20,
              "choke": 20,
              "color": {
                "r": 0,
                "g": 0,
                "b": 0,
                "a": 0.56
              }
            }
          }
        ],
        "shape": {
          "path": {
            "type": "RECTANGLE",
            "visible": true,
            "transform": [
              1,
              0,
              0,
              1,
              0,
              0
            ],
            "rectangle": {
              "x0": 0,
              "x1": 300,
              "y0": 0,
              "y1": 300
            }
          },
          "fillRule": "NON_ZERO",
          "fills": [
            {
              "type": "COLOR",
              "visible": true,
              "blendMode": "MULTIPLY",
              "color": {
                "r": 0.14,
                "g": 0,
                "b": 1,
                "a": 1
              }
            }
          ],
          "strokes": []
        }
      },
      {
        "id": "93-9",
        "name": "Rectangle 5",
        "type": "SHAPE",
        "visible": true,
        "opacity": 1,
        "blendMode": "NORMAL",
        "transform": [
          1,
          0,
          0,
          1,
          350,
          350
        ],
        "effects": [
          {
            "type": "INNER_SHADOW",
            "visible": true,
            "blendMode": "NORMAL",
            "basis": "BODY",
            "shadow": {
              "offset": {
                "x": 10,
                "y": 10
              },
              "blur": 40,
              "choke": 20,
              "color": {
                "r": 0,
                "g": 0,
                "b": 0,
                "a": 0.8
              }
            }
          }
        ],
        "shape": {
          "path": {
            "type": "RECTANGLE",
            "visible": true,
            "transform": [
              1,
              0,
              0,
              1,
              0,
              0
            ],
            "rectangle": {
              "x0": 0,
              "x1": 300,
              "y0": 0,
              "y1": 300
            }
          },
          "fillRule": "NON_ZERO",
          "fills": [
            {
              "type": "COLOR",
              "visible": true,
              "blendMode": "MULTIPLY",
              "color": {
                "r": 1,
                "g": 1,
                "b": 1,
                "a": 1
              }
            }
          ],
          "strokes": []
        }
      },
      {
        "id": "384-13",
        "name": "BG Blur 6",
        "type": "GROUP",
        "visible": true,
        "opacity": 1,
        "blendMode": "PASS_THROUGH",
        "transform": [
          1,
          0,
          0,
          1,
          675,
          350
        ],
        "effects": [],
        "layers": [
          {
            "id": "93-10",
            "name": "BACK Rect",
            "type": "SHAPE",
            "visible": true,
            "opacity": 1,
            "blendMode": "NORMAL",
            "transform": [
              1,
              0,
              0,
              1,
              0,
              0
            ],
            "effects": [],
            "shape": {
              "path": {
                "type": "PATH",
                "visible": true,
                "transform": [
                  1,
                  0,
                  0,
                  1,
                  0,
                  0
                ],
                "meta": {},
                "geometry": "M0,0h300v300h-300z"
              },
              "fillRule": "NON_ZERO",
              "fills": [
                {
                  "type": "GRADIENT",
                  "visible": true,
                  "blendMode": "MULTIPLY",
                  "gradient": {
                    "type": "ANGULAR",
                    "stops": [
                      {
                        "color": {
                          "r": 1,
                          "g": 0,
                          "b": 0,
                          "a": 1
                        },
                        "position": 0
                      },
                      {
                        "color": {
                          "r": 1,
                          "g": 0,
                          "b": 0,
                          "a": 0
                        },
                        "position": 1
                      }
                    ]
                  },
                  "positioning": {
                    "layout": "FILL",
                    "origin": "LAYER",
                    "transform": [
                      0,
                      149.99999999999997,
                      -150,
                      2.842170943040401e-14,
                      150,
                      149.99999999999997
                    ]
                  }
                }
              ],
              "strokes": []
            }
          },
          {
            "id": "93-15",
            "name": "BLUR Rect",
            "type": "SHAPE",
            "visible": true,
            "opacity": 1,
            "blendMode": "NORMAL",
            "transform": [
              1,
              0,
              0,
              1,
              52,
              59
            ],
            "effects": [
              {
                "type": "BLUR",
                "visible": true,
                "basis": "BACKGROUND",
                "blur": 20
              }
            ],
            "shape": {
              "path": {
                "type": "PATH",
                "visible": true,
                "transform": [
                  1,
                  0,
                  0,
                  1,
                  0,
                  0
                ],
                "meta": {},
                "geometry": "M0,0h196v181h-196z"
              },
              "fillRule": "NON_ZERO",
              "fills": [
                {
                  "type": "COLOR",
                  "visible": true,
                  "blendMode": "MULTIPLY",
                  "color": {
                    "r": 1,
                    "g": 1,
                    "b": 1,
                    "a": 0.9
                  }
                }
              ],
              "strokes": [
                {
                  "style": "SOLID",
                  "dashing": [],
                  "visible": true,
                  "fill": {
                    "type": "COLOR",
                    "visible": true,
                    "blendMode": "NORMAL",
                    "color": {
                      "r": 0,
                      "g": 0,
                      "b": 0,
                      "a": 1
                    }
                  },
                  "thickness": 1,
                  "position": "INSIDE",
                  "lineJoin": "MITER",
                  "lineCap": "BUTT",
                  "miterLimit": 28.96,
                  "fillRule": "NON_ZERO",
                  "path": {
                    "type": "PATH",
                    "visible": true,
                    "transform": [
                      1,
                      0,
                      0,
                      1,
                      0,
                      0
                    ],
                    "meta": {},
                    "geometry": "M0,0v-1h-1v1zM196,0h1v-1h-1zM196,181v1h1v-1zM0,181h-1v1h1zM0,1h196v-2h-196zM195,0v181h2v-181zM196,180h-196v2h196zM1,181v-181h-2v181z"
                  }
                }
              ]
            }
          }
        ]
      },
      {
        "id": "93-12",
        "name": "Rectangle 7",
        "type": "SHAPE",
        "visible": true,
        "opacity": 1,
        "blendMode": "NORMAL",
        "transform": [
          1,
          0,
          0,
          1,
          25,
          675
        ],
        "effects": [
          {
            "type": "BLUR",
            "visible": true,
            "basis": "LAYER_AND_EFFECTS",
            "blur": 5
          }
        ],
        "shape": {
          "path": {
            "type": "PATH",
            "visible": true,
            "transform": [
              1,
              0,
              0,
              1,
              0,
              0
            ],
            "meta": {},
            "geometry": "M0,0h300v300h-300z"
          },
          "fillRule": "NON_ZERO",
          "fills": [
            {
              "type": "COLOR",
              "visible": true,
              "blendMode": "MULTIPLY",
              "color": {
                "r": 1,
                "g": 0,
                "b": 0,
                "a": 1
              }
            }
          ],
          "strokes": []
        }
      },
      {
        "id": "93-13",
        "name": "Rectangle 8",
        "type": "SHAPE",
        "visible": true,
        "opacity": 1,
        "blendMode": "NORMAL",
        "transform": [
          1,
          0,
          0,
          1,
          350,
          675
        ],
        "effects": [
          {
            "type": "BLUR",
            "visible": true,
            "basis": "LAYER_AND_EFFECTS",
            "blur": 15
          }
        ],
        "shape": {
          "path": {
            "type": "PATH",
            "visible": true,
            "transform": [
              1,
              0,
              0,
              1,
              0,
              0
            ],
            "meta": {},
            "geometry": "M0,0h300v300h-300z"
          },
          "fillRule": "NON_ZERO",
          "fills": [
            {
              "type": "COLOR",
              "visible": true,
              "blendMode": "MULTIPLY",
              "color": {
                "r": 1,
                "g": 0,
                "b": 0,
                "a": 1
              }
            }
          ],
          "strokes": []
        }
      },
      {
        "id": "386-13-Background",
        "name": "MaskGroup 9",
        "type": "MASK_GROUP",
        "visible": true,
        "opacity": 1,
        "blendMode": "PASS_THROUGH",
        "maskBasis": "BODY_EMBED",
        "mask": {
          "id": "386-13-BackgroundMask",
          "name": "MaskGroup 9",
          "type": "SHAPE",
          "visible": true,
          "opacity": 1,
          "blendMode": "NORMAL",
          "transform": [
            1,
            0,
            0,
            1,
            0,
            0
          ],
          "effects": [
            {
              "type": "DROP_SHADOW",
              "visible": true,
              "blendMode": "NORMAL",
              "basis": "BODY",
              "shadow": {
                "offset": {
                  "x": 5,
                  "y": 10
                },
                "blur": 4,
                "choke": 0,
                "color": {
                  "r": 0,
                  "g": 0,
                  "b": 0,
                  "a": 0.8
                }
              }
            },
            {
              "type": "INNER_SHADOW",
              "visible": true,
              "blendMode": "NORMAL",
              "basis": "BODY",
              "shadow": {
                "offset": {
                  "x": 10,
                  "y": 5
                },
                "blur": 20,
                "choke": 15,
                "color": {
                  "r": 0,
                  "g": 0,
                  "b": 0,
                  "a": 0.3
                }
              }
            },
            {
              "type": "BLUR",
              "visible": true,
              "basis": "LAYER_AND_EFFECTS",
              "blur": 5
            }
          ],
          "shape": {
            "path": {
              "type": "RECTANGLE",
              "visible": true,
              "transform": [
                1,
                0,
                0,
                1,
                0,
                0
              ],
              "rectangle": {
                "x0": 0,
                "x1": 300,
                "y0": 0,
                "y1": 300
              }
            },
            "fillRule": "NON_ZERO",
            "fills": [
              {
                "type": "COLOR",
                "visible": true,
                "blendMode": "NORMAL",
                "color": {
                  "r": 0.3721,
                  "g": 0.6333,
                  "b": 0.3668,
                  "a": 1
                }
              }
            ],
            "strokes": []
          }
        },
        "transform": [
          1,
          0,
          0,
          1,
          675,
          675
        ],
        "layers": []
      },
      {
        "id": "399-13-Background",
        "name": "MaskGroup 10",
        "type": "MASK_GROUP",
        "visible": true,
        "opacity": 1,
        "blendMode": "NORMAL",
        "maskBasis": "BODY_EMBED",
        "mask": {
          "id": "399-13-BackgroundMask",
          "name": "MaskGroup 10",
          "type": "SHAPE",
          "visible": true,
          "opacity": 1,
          "blendMode": "NORMAL",
          "transform": [
            1,
            0,
            0,
            1,
            0,
            0
          ],
          "effects": [
            {
              "type": "DROP_SHADOW",
              "visible": true,
              "blendMode": "NORMAL",
              "basis": "BODY",
              "shadow": {
                "offset": {
                  "x": 5,
                  "y": 10
                },
                "blur": 4,
                "choke": 0,
                "color": {
                  "r": 0,
                  "g": 0,
                  "b": 0,
                  "a": 0.8
                }
              }
            },
            {
              "type": "INNER_SHADOW",
              "visible": true,
              "blendMode": "NORMAL",
              "basis": "BODY",
              "shadow": {
                "offset": {
                  "x": 10,
                  "y": 5
                },
                "blur": 20,
                "choke": 15,
                "color": {
                  "r": 0,
                  "g": 0,
                  "b": 0,
                  "a": 0.3
                }
              }
            },
            {
              "type": "BLUR",
              "visible": true,
              "basis": "LAYER_AND_EFFECTS",
              "blur": 5
            }
          ],
          "shape": {
            "path": {
              "type": "RECTANGLE",
              "visible": true,
              "transform": [
                1,
                0,
                0,
                1,
                0,
                0
              ],
              "rectangle": {
                "x0": 0,
                "x1": 300,
                "y0": 0,
                "y1": 300
              }
            },
            "fillRule": "NON_ZERO",
            "fills": [
              {
                "type": "COLOR",
                "visible": true,
                "blendMode": "NORMAL",
                "color": {
                  "r": 0.3721,
                  "g": 0.6333,
                  "b": 0.3668,
                  "a": 1
                }
              }
            ],
            "strokes": []
          }
        },
        "transform": [
          1,
          0,
          0,
          1,
          1000,
          675
        ],
        "layers": []
      }
    ],
    "meta": {
      "isArtboard": true,
      "transform": {
        "origin": {
          "x": 246,
          "y": -65
        }
      }
    }
  }
}