{
  "id": "5",
  "type": "ARTBOARD",
  "version": "3.0.0-rc.5",
  "dimensions": {
    "width": 300,
    "height": 300
  },
  "content": {
    "id": "5-Background",
    "type": "MASK_GROUP",
    "maskBasis": "BODY",
    "mask": {
      "id": "5-BackgroundMask",
      "type": "SHAPE",
      "visible": false,
      "shape": {
        "path": {
          "type": "RECTANGLE",
          "rectangle": {
            "x0": 398,
            "x1": 698,
            "y0": 0,
            "y1": 300
          }
        },
        "fills": []
      }
    },
    "layers": [
      {
        "id": "7",
        "name": "Layer 0",
        "type": "SHAPE",
        "transform": [
          1,
          0,
          0,
          1,
          0,
          0
        ],
        "visible": true,
        "blendMode": "NORMAL",
        "opacity": 1,
        "effects": [],
        "shape": {
          "fillRule": "EVEN_ODD",
          "path": {
            "type": "RECTANGLE",
            "rectangle": {
              "x0": 0,
              "y0": 0,
              "x1": 1098,
              "y1": 312
            },
            "transform": [
              1,
              0,
              0,
              1,
              0,
              0
            ]
          },
          "fills": [
            {
              "type": "COLOR",
              "color": {
                "r": 1,
                "g": 1,
                "b": 1,
                "a": 1
              }
            }
          ]
        },
        "meta": {
          "origin": {
            "type": "PHOTOSHOP_ADJUSTMENT_LAYER",
            "adjustmentType": "SOLID_COLOR"
          }
        }
      },
      {
        "id": "2",
        "name": "Rectangle 1",
        "type": "SHAPE",
        "transform": [
          1,
          0,
          0,
          1,
          421,
          28
        ],
        "visible": true,
        "blendMode": "NORMAL",
        "opacity": 1,
        "effects": [],
        "shape": {
          "fillRule": "EVEN_ODD",
          "path": {
            "type": "PATH",
            "transform": [
              1,
              0,
              0,
              1,
              0,
              0
            ],
            "geometry": "M20,0.00001h30.00001c11.0457,0 20.00001,8.95431 20.00001,19.99999v214.00001c0,11.04568 -8.95431,19.99999 -20.00001,19.99999h-30.00001c-11.0457,0 -20.00001,-8.95431 -20.00001,-19.99999v-214.00001c0,-11.04568 8.95431,-19.99999 20.00001,-19.99999z"
          },
          "fills": [
            {
              "type": "COLOR",
              "color": {
                "r": 0.4588,
                "g": 0,
                "b": 0,
                "a": 1
              }
            }
          ],
          "strokes": [
            {
              "fill": {
                "type": "COLOR",
                "color": {
                  "r": 0,
                  "g": 0,
                  "b": 0,
                  "a": 1
                }
              },
              "position": "CENTER",
              "lineJoin": "MITER",
              "lineCap": "BUTT",
              "style": "SOLID",
              "thickness": 5
            }
          ]
        }
      },
      {
        "id": "3",
        "name": "Rectangle 2",
        "type": "SHAPE",
        "transform": [
          1,
          0,
          0,
          1,
          525,
          36
        ],
        "visible": true,
        "blendMode": "NORMAL",
        "opacity": 1,
        "effects": [],
        "shape": {
          "fillRule": "EVEN_ODD",
          "path": {
            "type": "PATH",
            "transform": [
              1,
              0,
              0,
              1,
              0,
              0
            ],
            "geometry": "M1.99997,0.00001h141.00005c1.10453,0 1.99996,0.89543 1.99996,2v101c0,1.10457 -0.89543,2 -1.99996,2h-130.99998c-6.62744,0 -12.00003,-5.37259 -12.00003,-11.99999v-91.00001c0,-1.10457 0.89543,-2 1.99996,-2z"
          },
          "fills": [
            {
              "type": "COLOR",
              "color": {
                "r": 0.4588,
                "g": 0,
                "b": 0,
                "a": 1
              }
            }
          ],
          "strokes": [
            {
              "fill": {
                "type": "COLOR",
                "color": {
                  "r": 0,
                  "g": 0,
                  "b": 0,
                  "a": 1
                }
              },
              "position": "CENTER",
              "lineJoin": "MITER",
              "lineCap": "BUTT",
              "style": "SOLID",
              "thickness": 5
            }
          ]
        }
      }
    ]
  }
}