{
  "version": "3.0.0-rc.7",
  "origin": {
    "name": "PHOTOSHOP",
    "version": "0"
  },
  "pages": [],
  "components": [
    {
      "id": "pasteboard-1",
      "name": "Pasteboard",
      "role": "PASTEBOARD",
      "bounds": {
        "x": 0,
        "y": 0,
        "width": 1000,
        "height": 1000
      },
      "dependencies": [],
      "assets": {
        "images": [
          {
            "location": {
              "type": "RELATIVE",
              "path": ""
            },
            "refId": "1.png"
          },
          {
            "location": {
              "type": "RELATIVE",
              "path": ""
            },
            "refId": "2.png"
          },
          {
            "location": {
              "type": "RELATIVE",
              "path": ""
            },
            "refId": "4.png"
          },
          {
            "location": {
              "type": "RELATIVE",
              "path": ""
            },
            "refId": "92150a0d-bc3e-9349-adc8-869fb042a4b0.png"
          },
          {
            "location": {
              "type": "RELATIVE",
              "path": ""
            },
            "refId": "de662639-46a2-fa41-af52-85d12277db76.png"
          }
        ]
      },
      "location": {
        "type": "RELATIVE",
        "path": ""
      }
    }
  ],
  "chunks": [],
  "libraries": []
}