{
  "type": "ARTBOARD",
  "version": "3.0.0-rc.1",
  "id": "2",
  "dimensions": {
    "width": 595.276,
    "height": 841.89
  },
  "content": {
    "id": "25",
    "type": "MASK_GROUP",
    "mask": {
      "type": "SHAPE",
      "id": "26",
      "shape": {
        "path": {
          "rectangle": {
            "x0": 0,
            "y0": 0,
            "x1": 595.276,
            "y1": 841.89
          },
          "type": "RECTANGLE"
        },
        "fills": [
          {
            "type": "COLOR",
            "visible": true,
            "blendMode": "NORMAL",
            "color": {
              "r": 1,
              "g": 1,
              "b": 1,
              "a": 1
            }
          }
        ]
      }
    },
    "maskBasis": "BODY",
    "layers": [
      {
        "blendMode": "NORMAL",
        "opacity": 1,
        "id": "12",
        "name": "Layer 1",
        "visible": true,
        "type": "GROUP",
        "layers": [
          {
            "blendMode": "PASS_THROUGH",
            "opacity": 1,
            "id": "14",
            "name": "<Rectangle>",
            "visible": true,
            "type": "MASK_GROUP",
            "maskBasis": "BODY",
            "layers": [
              {
                "blendMode": "COLOR",
                "opacity": 1,
                "id": "15",
                "name": "<XObjectForm>",
                "visible": true,
                "type": "GROUP",
                "layers": [
                  {
                    "blendMode": "NORMAL",
                    "opacity": 1,
                    "id": "16",
                    "name": "<Path>",
                    "visible": true,
                    "type": "SHAPE",
                    "shape": {
                      "fillRule": "NON_ZERO",
                      "path": {
                        "type": "PATH",
                        "geometry": "M0,0c0,-89.39 -89.774,-161.856 -200.515,-161.856c-110.742,0 -200.516,72.466 -200.516,161.856c0,89.39 89.774,161.856 200.516,161.856c110.741,0 200.515,-72.466 200.515,-161.856z"
                      },
                      "fills": [
                        {
                          "type": "COLOR",
                          "color": {
                            "r": 0.9921568627450981,
                            "g": 0.9176470588235294,
                            "b": 0.0784313725490196,
                            "a": 1
                          }
                        }
                      ]
                    },
                    "transform": [
                      1,
                      0,
                      0,
                      -1,
                      498.1535,
                      401.7732
                    ]
                  },
                  {
                    "blendMode": "NORMAL",
                    "opacity": 1,
                    "id": "17",
                    "name": "<Path>",
                    "visible": true,
                    "type": "SHAPE",
                    "shape": {
                      "fillRule": "NON_ZERO",
                      "path": {
                        "type": "PATH",
                        "geometry": "M0,0c0,-89.39 -89.774,-161.856 -200.515,-161.856c-110.742,0 -200.516,72.466 -200.516,161.856c0,89.39 89.774,161.856 200.516,161.856c110.741,0 200.515,-72.466 200.515,-161.856z"
                      },
                      "strokes": [
                        {
                          "thickness": 1,
                          "fill": {
                            "type": "COLOR",
                            "color": {
                              "r": 0.11372549019607843,
                              "g": 0.11764705882352941,
                              "b": 0.10980392156862745,
                              "a": 1
                            }
                          },
                          "position": "CENTER",
                          "visible": true,
                          "style": "SOLID",
                          "lineJoin": "MITER",
                          "lineCap": "BUTT"
                        }
                      ]
                    },
                    "transform": [
                      1,
                      0,
                      0,
                      -1,
                      498.1535,
                      401.7732
                    ]
                  }
                ]
              }
            ],
            "mask": {
              "blendMode": "NORMAL",
              "opacity": 1,
              "id": "23",
              "name": "<Rectangle>",
              "visible": true,
              "type": "SHAPE",
              "shape": {
                "fillRule": "NON_ZERO",
                "path": {
                  "rectangle": {
                    "x0": 595.276,
                    "y0": 0,
                    "x1": 0,
                    "y1": 841.89
                  },
                  "type": "RECTANGLE"
                }
              },
              "transform": [
                1,
                0,
                0,
                -1,
                0,
                841.89
              ]
            }
          },
          {
            "blendMode": "PASS_THROUGH",
            "opacity": 1,
            "id": "19",
            "name": "<Rectangle>",
            "visible": true,
            "type": "MASK_GROUP",
            "maskBasis": "BODY",
            "layers": [
              {
                "blendMode": "COLOR",
                "opacity": 1,
                "id": "20",
                "name": "<XObjectForm>",
                "visible": true,
                "type": "GROUP",
                "layers": [
                  {
                    "blendMode": "NORMAL",
                    "opacity": 1,
                    "id": "21",
                    "name": "<Path>",
                    "visible": true,
                    "type": "SHAPE",
                    "shape": {
                      "fillRule": "NON_ZERO",
                      "path": {
                        "type": "PATH",
                        "geometry": "M0,0c0,-68.324 -89.774,-123.711 -200.515,-123.711c-110.742,0 -200.516,55.387 -200.516,123.711c0,68.324 89.774,123.711 200.516,123.711c110.741,0 200.515,-55.387 200.515,-123.711z"
                      },
                      "fills": [
                        {
                          "type": "COLOR",
                          "color": {
                            "r": 0.0784313725490196,
                            "g": 0.6078431372549019,
                            "b": 0.8431372549019608,
                            "a": 1
                          }
                        }
                      ]
                    },
                    "transform": [
                      1,
                      0,
                      0,
                      -1,
                      454.6392,
                      556.4123999999999
                    ]
                  },
                  {
                    "blendMode": "NORMAL",
                    "opacity": 1,
                    "id": "22",
                    "name": "<Path>",
                    "visible": true,
                    "type": "SHAPE",
                    "shape": {
                      "fillRule": "NON_ZERO",
                      "path": {
                        "type": "PATH",
                        "geometry": "M0,0c0,-68.324 -89.774,-123.711 -200.515,-123.711c-110.742,0 -200.516,55.387 -200.516,123.711c0,68.324 89.774,123.711 200.516,123.711c110.741,0 200.515,-55.387 200.515,-123.711z"
                      },
                      "strokes": [
                        {
                          "thickness": 1,
                          "fill": {
                            "type": "COLOR",
                            "color": {
                              "r": 0.11372549019607843,
                              "g": 0.11764705882352941,
                              "b": 0.10980392156862745,
                              "a": 1
                            }
                          },
                          "position": "CENTER",
                          "visible": true,
                          "style": "SOLID",
                          "lineJoin": "MITER",
                          "lineCap": "BUTT"
                        }
                      ]
                    },
                    "transform": [
                      1,
                      0,
                      0,
                      -1,
                      454.6392,
                      556.4123999999999
                    ]
                  }
                ]
              }
            ],
            "mask": {
              "blendMode": "NORMAL",
              "opacity": 1,
              "id": "24",
              "name": "<Rectangle>",
              "visible": true,
              "type": "SHAPE",
              "shape": {
                "fillRule": "NON_ZERO",
                "path": {
                  "rectangle": {
                    "x0": 595.276,
                    "y0": 0,
                    "x1": 0,
                    "y1": 841.89
                  },
                  "type": "RECTANGLE"
                }
              },
              "transform": [
                1,
                0,
                0,
                -1,
                0,
                841.89
              ]
            }
          }
        ]
      }
    ]
  }
}