{
  "id": "pasteboard-1",
<<<<<<< HEAD
  "type": "ARTBOARD",
  "version": "3.0.0-webtoon-20230131",
=======
  "type": "OCTOPUS_COMPONENT",
  "version": "3.0.0-rc.9",
>>>>>>> main
  "dimensions": {
    "width": 500,
    "height": 500
  },
  "content": {
    "id": "1-Background",
    "type": "MASK_GROUP",
    "visible": true,
    "maskBasis": "BODY",
    "mask": {
      "id": "1-BackgroundMask",
      "type": "SHAPE",
      "visible": false,
      "shape": {
        "path": {
          "type": "RECTANGLE",
          "rectangle": {
            "x0": 0,
            "x1": 500,
            "y0": 0,
            "y1": 500
          }
        },
        "fills": []
      }
    },
    "layers": []
  }
}